// Jest Snapshot v1, https://goo.gl/fbAQLP

exports[`hedera currency bridge scanAccounts hedera seed 1 1`] = `
[
  {
    "balance": "89312168",
    "currencyId": "hedera",
    "derivationMode": "hederaBip44",
    "freshAddress": "0.0.1040977",
    "freshAddressPath": "44/3030",
    "freshAddresses": [
      {
        "address": "0.0.1040977",
        "derivationPath": "44/3030",
      },
    ],
    "id": "js:2:hedera:0.0.1040977:hederaBip44",
    "index": 0,
    "name": "Hedera 1",
    "nfts": undefined,
    "operationsCount": 4,
    "pendingOperations": [],
    "seedIdentifier": "9e92a312233d5fd6b5a723875aeea2cea81a8e48ffc00341cff6dffcfd3ab7f2",
    "spendableBalance": "89312168",
    "starred": false,
    "swapHistory": [],
    "syncHash": undefined,
    "unitMagnitude": 8,
    "used": true,
  },
]
`;

exports[`hedera currency bridge scanAccounts hedera seed 1 2`] = `
[
  [
    {
      "accountId": "js:2:hedera:0.0.1040977:hederaBip44",
      "blockHash": null,
      "blockHeight": 5,
      "contract": undefined,
      "extra": {
        "consensusTimestamp": "1701941251.224927003",
      },
      "fee": "148487",
      "hash": "66faf4cc5ccbda67922281967b426510e84155eb6f8f72171f7389e49cbb93bcd2e312c4223a95eadc51b8f620c37830",
      "id": "js:2:hedera:0.0.1040977:hederaBip44-66faf4cc5ccbda67922281967b426510e84155eb6f8f72171f7389e49cbb93bcd2e312c4223a95eadc51b8f620c37830-OUT",
      "operator": undefined,
      "recipients": [
        "0.0.2024333",
      ],
      "senders": [
        "0.0.800",
        "0.0.1040977",
      ],
      "standard": undefined,
      "tokenId": undefined,
      "type": "OUT",
      "value": "10148487",
    },
    {
      "accountId": "js:2:hedera:0.0.1040977:hederaBip44",
      "blockHash": null,
      "blockHeight": 5,
      "contract": undefined,
      "extra": {
        "consensusTimestamp": "1697645669.026204003",
      },
      "fee": "210184",
      "hash": "iQ_oLq-PEMlwmoSEZBXpeK_J9ENApLJnz-uGB3_1XVqtRnMU-0VvdKmJV3E8ig5J",
      "id": "js:2:hedera:0.0.1040977:hederaBip44-iQ_oLq-PEMlwmoSEZBXpeK_J9ENApLJnz-uGB3_1XVqtRnMU-0VvdKmJV3E8ig5J-OUT",
      "operator": undefined,
      "recipients": [
        "0.0.98",
      ],
      "senders": [
        "0.0.1040977",
      ],
      "standard": undefined,
      "tokenId": undefined,
      "type": "OUT",
      "value": "210184",
    },
    {
      "accountId": "js:2:hedera:0.0.1040977:hederaBip44",
      "blockHash": null,
      "blockHeight": 5,
      "contract": undefined,
      "extra": {
        "consensusTimestamp": "1657021403.368076000",
      },
      "fee": "163081",
      "hash": "sBvHuXD8K0xKtonpe7r5WhuM_-0aTZ5up4LEha6buC3jjM_T3v645lxF96XyAKDA",
      "id": "js:2:hedera:0.0.1040977:hederaBip44-sBvHuXD8K0xKtonpe7r5WhuM_-0aTZ5up4LEha6buC3jjM_T3v645lxF96XyAKDA-IN",
      "operator": undefined,
      "recipients": [
        "0.0.1040977",
      ],
      "senders": [
        "0.0.880760",
      ],
      "standard": undefined,
      "tokenId": undefined,
      "type": "IN",
      "value": "99870000",
    },
    {
      "accountId": "js:2:hedera:0.0.1040977:hederaBip44",
      "blockHash": null,
      "blockHeight": 5,
      "contract": undefined,
      "extra": {
        "consensusTimestamp": "1669565599.465640003",
      },
      "fee": "199161",
      "hash": "b01bc7b970fc2b4c4ab689e97bbaf95a1b8cffed1a4d9e6ea782c485ae9bb82de38ccfd3defeb8e65c45f7a5f200a0c0",
      "id": "js:2:hedera:0.0.1040977:hederaBip44-b01bc7b970fc2b4c4ab689e97bbaf95a1b8cffed1a4d9e6ea782c485ae9bb82de38ccfd3defeb8e65c45f7a5f200a0c0-OUT",
      "operator": undefined,
      "recipients": [
        "0.0.98",
      ],
      "senders": [
        "0.0.1040977",
      ],
      "standard": undefined,
      "tokenId": undefined,
      "type": "OUT",
      "value": "199161",
    },
  ],
]
`;
